CREATE EXTENSION oai_fdw;
-- German National Library
CREATE SERVER oai_server_dnb FOREIGN DATA WRAPPER oai_fdw
OPTIONS (url 'https://services.dnb.de/oai/repository',
         request_redirect 'true',
         request_max_redirect '1');
-- This user mapping should be ignored, as the OAI repo does not require HTTP authentication
CREATE USER MAPPING FOR postgres 
SERVER oai_server_dnb OPTIONS (user 'admin', password 'secret');
-- MÃ¼nster University Library
CREATE SERVER oai_server_ulb FOREIGN DATA WRAPPER oai_fdw 
OPTIONS (url 'https://sammlungen.ulb.uni-muenster.de/oai',
         request_redirect 'true');
-- British and Irish Orthoptic Journal	
CREATE SERVER oai_server_bioj FOREIGN DATA WRAPPER oai_fdw 
OPTIONS (url 'https://www.bioj-online.com/jms/index.php/up/oai/');
-- Brazilian Journal of Implantology and Health Sciences
CREATE SERVER oai_server_bjihs FOREIGN DATA WRAPPER oai_fdw 
OPTIONS (url 'https://bjihs.emnuvens.com.br/bjihs/oai');
-- National Library of the Netherlands
CREATE SERVER oai_server_kbnl FOREIGN DATA WRAPPER oai_fdw 
OPTIONS (url 'http://services.kb.nl/mdo/oai');
-- German National Library (with redirect)
CREATE SERVER oai_server_dnb_redirect FOREIGN DATA WRAPPER oai_fdw 
OPTIONS (url 'https://services.dnb.de/oai/repository',
         request_redirect 'true',
         request_max_redirect '1');
